2026-09-12 17:49:06,564 | INFO | Chamada teste: SP/2025 Q3, 202 registros, campos=['exercicio', 'periodo', 'periodicidade', 'instituicao', 'cod_ibge', 'uf', 'co_poder', 'populacao', 'anexo', 'esfera', 'rotulo', 'coluna', 'cod_conta', 'conta', 'valor']
2026-09-12 17:49:09,250 | INFO | [1/297] AC/2015: ok, Q3, 18 registros
2026-09-12 17:49:11,273 | INFO | [2/297] AC/2016: ok, Q3, 21 registros
2026-09-12 17:49:13,334 | INFO | [3/297] AC/2017: ok, Q3, 25 registros
2026-09-12 17:49:20,272 | INFO | [4/297] AC/2018: ok, Q3, 235 registros
2026-09-12 17:49:27,098 | INFO | [5/297] AC/2019: ok, Q3, 228 registros
2026-09-12 17:49:33,894 | INFO | [6/297] AC/2020: ok, Q3, 229 registros
2026-09-12 17:49:39,024 | INFO | [7/297] AC/2021: ok, Q3, 209 registros
2026-09-12 17:49:43,897 | INFO | [8/297] AC/2022: ok, Q3, 217 registros
2026-09-12 17:49:49,371 | INFO | [9/297] AC/2023: ok, Q3, 224 registros
2026-09-12 17:49:51,373 | INFO | [10/297] AC/2024: ok, Q3, 233 registros
2026-09-12 17:49:53,289 | INFO | [11/297] AC/2025: ok, Q3, 238 registros
2026-09-12 17:49:54,937 | INFO | [12/297] AL/2015: ok, Q3, 22 registros
2026-09-12 17:49:56,332 | INFO | [13/297] AL/2016: ok, Q3, 19 registros
2026-09-12 17:49:57,982 | INFO | [14/297] AL/2017: ok, Q3, 21 registros
2026-09-12 17:49:59,960 | INFO | [15/297] AL/2018: ok, Q3, 208 registros
2026-09-12 17:50:01,880 | INFO | [16/297] AL/2019: ok, Q3, 200 registros
2026-09-12 17:50:03,753 | INFO | [17/297] AL/2020: ok, Q3, 211 registros
2026-09-12 17:50:05,896 | INFO | [18/297] AL/2021: ok, Q3, 197 registros
2026-09-12 17:50:07,841 | INFO | [19/297] AL/2022: ok, Q3, 194 registros
2026-09-12 17:50:09,784 | INFO | [20/297] AL/2023: ok, Q3, 200 registros
2026-09-12 17:50:11,687 | INFO | [21/297] AL/2024: ok, Q3, 201 registros
2026-09-12 17:50:13,657 | INFO | [22/297] AL/2025: ok, Q3, 195 registros
2026-09-12 17:50:15,066 | INFO | [23/297] AP/2015: ok, Q3, 25 registros
2026-09-12 17:50:16,445 | INFO | [24/297] AP/2016: ok, Q3, 18 registros
2026-09-12 17:50:17,850 | INFO | [25/297] AP/2017: ok, Q3, 19 registros
2026-09-12 17:50:19,876 | INFO | [26/297] AP/2018: ok, Q3, 162 registros
2026-09-12 17:50:21,823 | INFO | [27/297] AP/2019: ok, Q3, 162 registros
2026-09-12 17:50:23,789 | INFO | [28/297] AP/2020: ok, Q3, 164 registros
2026-09-12 17:50:25,983 | INFO | [29/297] AP/2021: ok, Q3, 164 registros
2026-09-12 17:50:27,986 | INFO | [30/297] AP/2022: ok, Q3, 159 registros
2026-09-12 17:50:29,878 | INFO | [31/297] AP/2023: ok, Q3, 163 registros
2026-09-12 17:50:32,031 | INFO | [32/297] AP/2024: ok, Q3, 161 registros
2026-09-12 17:50:34,011 | INFO | [33/297] AP/2025: ok, Q3, 161 registros
2026-09-12 17:50:35,363 | INFO | [34/297] AM/2015: ok, Q3, 25 registros
2026-09-12 17:50:36,732 | INFO | [35/297] AM/2016: ok, Q3, 23 registros
2026-09-12 17:50:38,102 | INFO | [36/297] AM/2017: ok, Q3, 27 registros
2026-09-12 17:50:40,227 | INFO | [37/297] AM/2018: ok, Q3, 212 registros
2026-09-12 17:50:42,091 | INFO | [38/297] AM/2019: ok, Q3, 225 registros
2026-09-12 17:50:44,007 | INFO | [39/297] AM/2020: ok, Q3, 209 registros
2026-09-12 17:50:44,290 | INFO | Chamada teste: SP/2025 Q3, 202 registros, campos=['exercicio', 'periodo', 'periodicidade', 'instituicao', 'cod_ibge', 'uf', 'co_poder', 'populacao', 'anexo', 'esfera', 'rotulo', 'coluna', 'cod_conta', 'conta', 'valor']
2026-09-12 17:50:45,977 | INFO | [40/297] AM/2021: ok, Q3, 210 registros
2026-09-12 17:50:47,897 | INFO | [41/297] AM/2022: ok, Q3, 204 registros
2026-09-12 17:50:49,817 | INFO | [42/297] AM/2023: ok, Q3, 207 registros
2026-09-12 17:50:51,714 | INFO | [43/297] AM/2024: ok, Q3, 233 registros
2026-09-12 17:50:54,212 | INFO | [44/297] AM/2025: ok, Q3, 233 registros
2026-09-12 17:50:55,827 | INFO | [45/297] BA/2015: ok, Q3, 20 registros
2026-09-12 17:50:57,229 | INFO | [46/297] BA/2016: ok, Q3, 23 registros
2026-09-12 17:50:58,597 | INFO | [47/297] BA/2017: ok, Q3, 25 registros
2026-09-12 17:51:00,678 | INFO | [48/297] BA/2018: ok, Q3, 222 registros
2026-09-12 17:51:02,628 | INFO | [49/297] BA/2019: ok, Q3, 221 registros
2026-09-12 17:51:04,822 | INFO | [50/297] BA/2020: ok, Q3, 220 registros
2026-09-12 17:51:07,165 | INFO | [51/297] BA/2021: ok, Q3, 198 registros
2026-09-12 17:51:09,363 | INFO | [52/297] BA/2022: ok, Q3, 199 registros
2026-09-12 17:51:11,434 | INFO | [53/297] BA/2023: ok, Q3, 198 registros
2026-09-12 17:51:13,402 | INFO | [54/297] BA/2024: ok, Q3, 211 registros
2026-09-12 17:51:15,334 | INFO | [55/297] BA/2025: ok, Q3, 214 registros
2026-09-12 17:51:16,931 | INFO | [56/297] CE/2015: ok, Q3, 26 registros
2026-09-12 17:51:18,287 | INFO | [57/297] CE/2016: ok, Q3, 22 registros
2026-09-12 17:51:19,665 | INFO | [58/297] CE/2017: ok, Q3, 23 registros
2026-09-12 17:51:21,563 | INFO | [59/297] CE/2018: ok, Q3, 186 registros
2026-09-12 17:51:23,679 | INFO | [60/297] CE/2019: ok, Q3, 215 registros
2026-09-12 17:51:25,765 | INFO | [61/297] CE/2020: ok, Q3, 190 registros
2026-09-12 17:51:27,613 | INFO | [62/297] CE/2021: ok, Q3, 204 registros
2026-09-12 17:51:29,678 | INFO | [63/297] CE/2022: ok, Q3, 205 registros
2026-09-12 17:51:31,548 | INFO | [64/297] CE/2023: ok, Q3, 204 registros
2026-09-12 17:51:33,475 | INFO | [65/297] CE/2024: ok, Q3, 216 registros
2026-09-12 17:51:35,351 | INFO | [66/297] CE/2025: ok, Q3, 217 registros
2026-09-12 17:51:36,822 | INFO | [67/297] DF/2015: ok, Q3, 35 registros
2026-09-12 17:51:38,186 | INFO | [68/297] DF/2016: ok, Q3, 28 registros
2026-09-12 17:51:39,915 | INFO | [69/297] DF/2017: ok, Q3, 28 registros
2026-09-12 17:51:42,047 | INFO | [70/297] DF/2018: ok, Q3, 203 registros
2026-09-12 17:51:44,038 | INFO | [71/297] DF/2019: ok, Q3, 205 registros
2026-09-12 17:51:46,099 | INFO | [72/297] DF/2020: ok, Q3, 207 registros
2026-09-12 17:51:48,323 | INFO | [73/297] DF/2021: ok, Q3, 207 registros
2026-09-12 17:51:50,312 | INFO | [74/297] DF/2022: ok, Q3, 207 registros
2026-09-12 17:51:52,151 | INFO | [75/297] DF/2023: ok, Q3, 202 registros
2026-09-12 17:51:54,223 | INFO | [76/297] DF/2024: ok, Q3, 215 registros
2026-09-12 17:51:56,134 | INFO | [77/297] DF/2025: ok, Q3, 218 registros
2026-09-12 17:51:57,487 | INFO | [78/297] ES/2015: ok, Q3, 27 registros
2026-09-12 17:51:58,866 | INFO | [79/297] ES/2016: ok, Q3, 27 registros
2026-09-12 17:52:00,243 | INFO | [80/297] ES/2017: ok, Q3, 30 registros
2026-09-12 17:52:02,341 | INFO | [81/297] ES/2018: ok, Q3, 229 registros
2026-09-12 17:52:05,263 | INFO | [82/297] ES/2019: ok, Q3, 232 registros
2026-09-12 17:52:07,374 | INFO | [83/297] ES/2020: ok, Q3, 234 registros
2026-09-12 17:52:09,501 | INFO | [84/297] ES/2021: ok, Q3, 204 registros
2026-09-12 17:52:11,332 | INFO | [85/297] ES/2022: ok, Q3, 205 registros
2026-09-12 17:52:13,008 | INFO | [86/297] ES/2023: ok, Q3, 198 registros
2026-09-12 17:52:15,211 | INFO | [87/297] ES/2024: ok, Q3, 205 registros
2026-09-12 17:52:17,162 | INFO | [88/297] ES/2025: ok, Q3, 206 registros
2026-09-12 17:52:18,756 | INFO | [89/297] GO/2015: ok, Q3, 26 registros
2026-09-12 17:52:20,423 | INFO | [90/297] GO/2016: ok, Q3, 29 registros
2026-09-12 17:52:21,815 | INFO | [91/297] GO/2017: ok, Q3, 30 registros
2026-09-12 17:52:23,922 | INFO | [92/297] GO/2018: ok, Q3, 213 registros
2026-09-12 17:52:25,788 | INFO | [93/297] GO/2019: ok, Q3, 227 registros
2026-09-12 17:52:27,706 | INFO | [94/297] GO/2020: ok, Q3, 216 registros
2026-09-12 17:52:29,529 | INFO | [95/297] GO/2021: ok, Q3, 207 registros
2026-09-12 17:52:31,387 | INFO | [96/297] GO/2022: ok, Q3, 202 registros
2026-09-12 17:52:33,315 | INFO | [97/297] GO/2023: ok, Q3, 205 registros
2026-09-12 17:52:35,253 | INFO | [98/297] GO/2024: ok, Q3, 207 registros
2026-09-12 17:52:37,138 | INFO | [99/297] GO/2025: ok, Q3, 205 registros
2026-09-12 17:52:38,494 | INFO | [100/297] MA/2015: ok, Q3, 18 registros
2026-09-12 17:52:39,849 | INFO | [101/297] MA/2016: ok, Q3, 25 registros
2026-09-12 17:52:41,254 | INFO | [102/297] MA/2017: ok, Q3, 23 registros
2026-09-12 17:52:43,249 | INFO | [103/297] MA/2018: ok, Q3, 199 registros
2026-09-12 17:52:45,160 | INFO | [104/297] MA/2019: ok, Q3, 192 registros
2026-09-12 17:52:47,056 | INFO | [105/297] MA/2020: ok, Q3, 208 registros
2026-09-12 17:52:48,893 | INFO | [106/297] MA/2021: ok, Q3, 187 registros
2026-09-12 17:52:50,776 | INFO | [107/297] MA/2022: ok, Q3, 189 registros
2026-09-12 17:52:52,673 | INFO | [108/297] MA/2023: ok, Q3, 187 registros
2026-09-12 17:52:54,725 | INFO | [109/297] MA/2024: ok, Q3, 181 registros
2026-09-12 17:52:56,754 | INFO | [110/297] MA/2025: ok, Q3, 195 registros
2026-09-12 17:52:58,134 | INFO | [111/297] MT/2015: ok, Q3, 25 registros
2026-09-12 17:52:59,525 | INFO | [112/297] MT/2016: ok, Q3, 33 registros
2026-09-12 17:53:00,962 | INFO | [113/297] MT/2017: ok, Q3, 29 registros
2026-09-12 17:53:02,838 | INFO | [114/297] MT/2018: ok, Q3, 229 registros
2026-09-12 17:53:04,797 | INFO | [115/297] MT/2019: ok, Q3, 242 registros
2026-09-12 17:53:07,336 | INFO | [116/297] MT/2020: ok, Q3, 235 registros
2026-09-12 17:53:09,239 | INFO | [117/297] MT/2021: ok, Q3, 194 registros
2026-09-12 17:53:12,372 | INFO | [118/297] MT/2022: ok, Q3, 220 registros
2026-09-12 17:53:14,497 | INFO | [119/297] MT/2023: ok, Q3, 221 registros
2026-09-12 17:53:16,612 | INFO | [120/297] MT/2024: ok, Q3, 221 registros
2026-09-12 17:53:18,657 | INFO | [121/297] MT/2025: ok, Q3, 263 registros
2026-09-12 17:53:20,014 | INFO | [122/297] MS/2015: ok, Q3, 27 registros
2026-09-12 17:53:21,436 | INFO | [123/297] MS/2016: ok, Q3, 25 registros
2026-09-12 17:53:22,889 | INFO | [124/297] MS/2017: ok, Q3, 26 registros
2026-09-12 17:53:25,126 | INFO | [125/297] MS/2018: ok, Q3, 216 registros
2026-09-12 17:53:27,038 | INFO | [126/297] MS/2019: ok, Q3, 210 registros
2026-09-12 17:53:29,096 | INFO | [127/297] MS/2020: ok, Q3, 204 registros
2026-09-12 17:53:31,211 | INFO | [128/297] MS/2021: ok, Q3, 186 registros
2026-09-12 17:53:33,059 | INFO | [129/297] MS/2022: ok, Q3, 186 registros
2026-09-12 17:53:34,998 | INFO | [130/297] MS/2023: ok, Q3, 195 registros
